[themescare.com/demos/gauto-preview/index.html]
[backblue.gif]
[fade.gif]
[index.html]
[themescare.com/demos/gauto-preview/assets/img/favicon/favicon-32x32.png]
[themescare.com/demos/gauto-preview/assets/css/bootstrap.css]
[themescare.com/demos/gauto-preview/assets/css/font-awesome.min.css]
[themescare.com/demos/gauto-preview/assets/css/magnific-popup.css]
[themescare.com/demos/gauto-preview/assets/css/owl.carousel.min.css]
[themescare.com/demos/gauto-preview/assets/css/owl.theme.default.min.css]
[themescare.com/demos/gauto-preview/assets/css/animate.min.css]
[themescare.com/demos/gauto-preview/assets/css/jquery.datepicker.css]
[themescare.com/demos/gauto-preview/assets/css/nice-select.css]
[themescare.com/demos/gauto-preview/assets/css/lightgallery.min.css]
[themescare.com/demos/gauto-preview/assets/css/jquery-clockpicker.min.css]
[themescare.com/demos/gauto-preview/assets/css/slicknav.min.css]
[themescare.com/demos/gauto-preview/assets/css/style.css]
[themescare.com/demos/gauto-preview/assets/css/responsive.css]
[themescare.com/demos/gauto-preview/assets/img/en.png]
[themescare.com/demos/gauto-preview/assets/img/ca.png]
[themescare.com/demos/gauto-preview/assets/img/fa.png]
[themescare.com/demos/gauto-preview/assets/img/ja.png]
[themescare.com/demos/gauto-preview/index-2.html]
[themescare.com/demos/gauto-preview/assets/img/logo.png]
[themescare.com/demos/gauto-preview/assets/img/globe.png]
[themescare.com/demos/gauto-preview/assets/img/clock.png]
[themescare.com/demos/gauto-preview/service.html]
[themescare.com/demos/gauto-preview/about.html]
[themescare.com/demos/gauto-preview/single-service.html]
[themescare.com/demos/gauto-preview/car-listing.html]
[themescare.com/demos/gauto-preview/car-booking.html]
[themescare.com/demos/gauto-preview/products.html]
[themescare.com/demos/gauto-preview/single-product.html]
[themescare.com/demos/gauto-preview/gallery.html]
[themescare.com/demos/gauto-preview/cart.html]
[themescare.com/demos/gauto-preview/checkout.html]
[themescare.com/demos/gauto-preview/blog.html]
[themescare.com/demos/gauto-preview/single-blog.html]
[themescare.com/demos/gauto-preview/404.html]
[themescare.com/demos/gauto-preview/login.html]
[themescare.com/demos/gauto-preview/register.html]
[themescare.com/demos/gauto-preview/contact.html]
[themescare.com/demos/gauto-preview/assets/img/cart-1.png]
[themescare.com/demos/gauto-preview/assets/img/cart-2.jpg]
[themescare.com/demos/gauto-preview/assets/img/signature.png]
[themescare.com/demos/gauto-preview/assets/img/about.png]
[themescare.com/demos/gauto-preview/assets/img/city-transport.png]
[themescare.com/demos/gauto-preview/assets/img/airport-transport.png]
[themescare.com/demos/gauto-preview/assets/img/hospital-transport.png]
[themescare.com/demos/gauto-preview/assets/img/wedding-ceremony.png]
[themescare.com/demos/gauto-preview/assets/img/hotel-transport.png]
[themescare.com/demos/gauto-preview/assets/img/luggege-transport.png]
[themescare.com/demos/gauto-preview/assets/img/toyota-offer-2.png]
[themescare.com/demos/gauto-preview/assets/img/offer-toyota.png]
[themescare.com/demos/gauto-preview/assets/img/nissan-offer.png]
[themescare.com/demos/gauto-preview/assets/img/audi-offer.png]
[themescare.com/demos/gauto-preview/assets/img/bmw-offer.png]
[themescare.com/demos/gauto-preview/assets/img/marcedes-offer.png]
[themescare.com/demos/gauto-preview/assets/img/testimonial.jpg]
[themescare.com/demos/gauto-preview/assets/img/testimonial-2.jpg]
[themescare.com/demos/gauto-preview/assets/img/driver-1.jpg]
[themescare.com/demos/gauto-preview/assets/img/driver-2.jpg]
[themescare.com/demos/gauto-preview/assets/img/driver-4.jpg]
[themescare.com/demos/gauto-preview/assets/img/driver-3.jpg]
[themescare.com/demos/gauto-preview/assets/img/blog-1.jpg]
[themescare.com/demos/gauto-preview/assets/img/blog-2.jpg]
[themescare.com/demos/gauto-preview/assets/img/blog-3.jpg]
[themescare.com/demos/gauto-preview/assets/img/footer-logo.png]
[themescare.com/demos/gauto-preview/assets/img/post-thumb-3.jpg]
[themescare.com/demos/gauto-preview/assets/img/post-thumb-2.jpg]
[themescare.com/demos/gauto-preview/assets/img/post-thumb-1.jpg]
[themescare.com/demos/gauto-preview/assets/js/popper.min.js]
[themescare.com/demos/gauto-preview/assets/js/bootstrap.min.js]
[themescare.com/demos/gauto-preview/assets/js/jquery.min.js]
[themescare.com/demos/gauto-preview/assets/js/custom_lightgallery.js]
[themescare.com/demos/gauto-preview/assets/js/owl.carousel.min.js]
[themescare.com/demos/gauto-preview/assets/js/lightgallery-all.js]
[themescare.com/demos/gauto-preview/assets/js/jquery.slicknav.min.js]
[themescare.com/demos/gauto-preview/assets/js/jquery.magnific-popup.min.js]
[themescare.com/demos/gauto-preview/assets/js/jquery.nice-select.min.js]
[themescare.com/demos/gauto-preview/assets/js/jquery.datepicker.min.js]
[themescare.com/demos/gauto-preview/assets/js/jquery-clockpicker.min.js]
[themescare.com/demos/gauto-preview/index.html]
[themescare.com/demos/gauto-preview/assets/js/main.js]
[themescare.com/demos/gauto-preview/assets/css/bootstrap.css]
[themescare.com/demos/gauto-preview/assets/fonts/fontawesome-webfont3e6e3e6e.woff2]
[themescare.com/demos/gauto-preview/assets/fonts/fontawesome-webfont3e6e3e6e.woff]
[themescare.com/demos/gauto-preview/assets/fonts/fontawesome-webfont3e6e3e6e.eot]
[themescare.com/demos/gauto-preview/assets/fonts/fontawesome-webfontd41dd41d.eot]
[themescare.com/demos/gauto-preview/assets/css/font-awesome.min.css]
[themescare.com/demos/gauto-preview/assets/css/magnific-popup.css]
[themescare.com/demos/gauto-preview/assets/css/owl.video.play.png]
[themescare.com/demos/gauto-preview/assets/css/owl.carousel.min.css]
[themescare.com/demos/gauto-preview/assets/css/owl.theme.default.min.css]
[themescare.com/demos/gauto-preview/assets/css/animate.min.css]
[themescare.com/demos/gauto-preview/assets/css/jquery.datepicker.css]
[themescare.com/demos/gauto-preview/assets/css/nice-select.css]
[themescare.com/demos/gauto-preview/assets/fonts/lgd641.eot]
[themescare.com/demos/gauto-preview/assets/fonts/lgd41d.eot]
[themescare.com/demos/gauto-preview/assets/fonts/lgd641.woff]
[themescare.com/demos/gauto-preview/assets/fonts/fontawesome-webfont3e6e3e6e.ttf]
[themescare.com/demos/gauto-preview/assets/fonts/lgd641.ttf]
[themescare.com/demos/gauto-preview/assets/fonts/lgd641.svg]
[themescare.com/demos/gauto-preview/assets/fonts/fontawesome-webfont3e6e3e6e.svg]
[themescare.com/demos/gauto-preview/assets/css/lightgallery.min.css]
[themescare.com/demos/gauto-preview/assets/css/jquery-clockpicker.min.css]
[themescare.com/demos/gauto-preview/assets/css/slicknav.min.css]
[themescare.com/demos/gauto-preview/assets/img/breadcromb.jpg]
[themescare.com/demos/gauto-preview/assets/img/icon-cart.png]
[themescare.com/demos/gauto-preview/assets/img/slider-1.jpg]
[themescare.com/demos/gauto-preview/assets/img/slider-2.jpg]
[themescare.com/demos/gauto-preview/assets/img/find-box-bg.png]
[themescare.com/demos/gauto-preview/assets/img/promo_bg.jpg]
[themescare.com/demos/gauto-preview/assets/img/footer-bg.jpg]
[themescare.com/demos/gauto-preview/assets/css/style.css]
[themescare.com/demos/gauto-preview/assets/css/responsive.css]
[themescare.com/demos/gauto-preview/index-2.html]
[themescare.com/demos/gauto-preview/assets/img/about-page.jpg]
[themescare.com/demos/gauto-preview/assets/img/cars.png]
[themescare.com/demos/gauto-preview/about.html]
[themescare.com/demos/gauto-preview/service.html]
[themescare.com/demos/gauto-preview/assets/img/service-details-1.jpg]
[themescare.com/demos/gauto-preview/assets/img/service-details-2.jpg]
[themescare.com/demos/gauto-preview/single-service.html]
[themescare.com/demos/gauto-preview/car-listing.html]
[themescare.com/demos/gauto-preview/assets/img/booking.jpg]
[themescare.com/demos/gauto-preview/assets/img/master-card.jpg]
[themescare.com/demos/gauto-preview/assets/img/paypal.jpg]
[themescare.com/demos/gauto-preview/car-booking.html]
[themescare.com/demos/gauto-preview/assets/img/gallery-1.jpg]
[themescare.com/demos/gauto-preview/assets/img/gallery-2.jpg]
[themescare.com/demos/gauto-preview/assets/img/gallery-3.jpg]
[themescare.com/demos/gauto-preview/assets/img/gallery-5.jpg]
[themescare.com/demos/gauto-preview/gallery.html]
[themescare.com/demos/gauto-preview/assets/img/product-1.jpg]
[themescare.com/demos/gauto-preview/assets/img/product-2.jpg]
[themescare.com/demos/gauto-preview/assets/img/product-3.jpg]
[themescare.com/demos/gauto-preview/assets/img/product-4.jpg]
[themescare.com/demos/gauto-preview/assets/img/product-5.jpg]
[themescare.com/demos/gauto-preview/products.html]
[themescare.com/demos/gauto-preview/single-product.html]
[themescare.com/demos/gauto-preview/cart.html]
[themescare.com/demos/gauto-preview/checkout.html]
[themescare.com/demos/gauto-preview/blog.html]
[themescare.com/demos/gauto-preview/assets/img/4.jpg]
[themescare.com/demos/gauto-preview/assets/img/5.jpg]
[themescare.com/demos/gauto-preview/single-blog.html]
[themescare.com/demos/gauto-preview/404.html]
[themescare.com/demos/gauto-preview/login.html]
[themescare.com/demos/gauto-preview/register.html]
[themescare.com/demos/gauto-preview/contact.html]
[themescare.com/demos/gauto-preview/assets/fonts/fontawesome-webfont3e6e3e6e.svg]
[themescare.com/demos/gauto-preview/assets/fonts/lgd641.svg]
[themescare.com/demos/gauto-preview/assets/img/vimeo-play.html]
[themescare.com/demos/gauto-preview/assets/img/video-play.html]
[themescare.com/demos/gauto-preview/assets/img/youtube-play.html]
[themescare.com/demos/gauto-preview/assets/img/loading.html]
[themescare.com/demos/gauto-preview/assets/img/about.png]
